﻿
> mentor-bhaiyaaa-hackathon@1.0.0 build
> vite build

[36mvite v5.4.21 [32mbuilding for production...[36m[39m
transforming...
[32mΓ£ô[39m 2827 modules transformed.
node.exe : [31mx[39m 
Build failed in 10.28s
At line:1 char:1
+ & "C:\Program 
Files\nodejs/node.exe" 
"C:\Program 
Files\nodejs/node_mo 
...
+ ~~~~~~~~~~~~~~~~~~~~~
~~~~~~~~~~~~~~~~~~~~~~~
~~~~~~~~~~~~~~~~~~~~~~~
~~
    + CategoryInfo     
         : NotSpecifi  
  ed: ([31mx[39m B   
 uild failed in 10.    
28s:String) [], Re    
moteException
    + FullyQualifiedEr 
   rorId : NativeComm  
  andError
 
[31merror during 
build:
[31msrc/pages/CollegeD
irectory.jsx (24:40): 
"MagneticCard" is not 
exported by "src/compon
ents/animations/Animati
onUtils.jsx", imported 
by "src/pages/CollegeDi
rectory.jsx".[31m
file: [36mC:/Users/ath
ar/Mentorbhaiyaaa_guido
ra/src/pages/CollegeDir
ectory.jsx:24:40[31m
[33m
22: import DataState 
from "../components/Dat
aState"
23: import 
LoadingSkeleton from ".
./components/LoadingSke
leton"
24: import { 
StaggerContainer, 
StaggerItem, 
MagneticCard } from "..
/components/animations/
AnimationUtils"
                       
                     ^
25: import { 
formatDate, 
getDaysLeft } from 
"../lib/date"
26: import { 
getCurrentUserProfile 
} from 
"../services/superapp"
[31m
    at getRollupError (
file:///C:/Users/athar/
Mentorbhaiyaaa_guidora/
node_modules/rollup/dis
t/es/shared/parseAst.js
:402:41)
    at error (file:///C
:/Users/athar/Mentorbha
iyaaa_guidora/node_modu
les/rollup/dist/es/shar
ed/parseAst.js:398:42)
    at Module.error (fi
le:///C:/Users/athar/Me
ntorbhaiyaaa_guidora/no
de_modules/rollup/dist/
es/shared/node-entry.js
:17040:16)
    at 
Module.traceVariable (f
ile:///C:/Users/athar/M
entorbhaiyaaa_guidora/n
ode_modules/rollup/dist
/es/shared/node-entry.j
s:17452:29)
    at ModuleScope.find
Variable (file:///C:/Us
ers/athar/Mentorbhaiyaa
a_guidora/node_modules/
rollup/dist/es/shared/n
ode-entry.js:15070:39)
    at FunctionScope.fi
ndVariable (file:///C:/
Users/athar/Mentorbhaiy
aaa_guidora/node_module
s/rollup/dist/es/shared
/node-entry.js:5673:38)
    at FunctionBodyScop
e.findVariable (file://
/C:/Users/athar/Mentorb
haiyaaa_guidora/node_mo
dules/rollup/dist/es/sh
ared/node-entry.js:5673
:38)
    at ReturnValueScope
.findVariable (file:///
C:/Users/athar/Mentorbh
aiyaaa_guidora/node_mod
ules/rollup/dist/es/sha
red/node-entry.js:5673:
38)
    at FunctionBodyScop
e.findVariable (file://
/C:/Users/athar/Mentorb
haiyaaa_guidora/node_mo
dules/rollup/dist/es/sh
ared/node-entry.js:5673
:38)
    at Identifier.bind 
(file:///C:/Users/athar
/Mentorbhaiyaaa_guidora
/node_modules/rollup/di
st/es/shared/node-entry
.js:5447:40)[39m
